Query was executed successfully

[(1),(2),(3)]

[(10),(11),(12)]

[[(1,10),(1,11),(1,12)],[(2,10),(2,11),(2,12)],[(3,10),(3,11),(3,12)]]

[(6)]

[(33)]

[(18)]

[(99)]

[(6)]

[(33)]

[(3)]

[(12)]

[(3)]

[(12)]

[(3)]

[(12)]

[(1)]

[(10)]

[(1)]

[(10)]

[(1)]

[(10)]

[(2)]

[(11)]

[(2)]

[(11)]

[(2)]

[(11)]

Query was executed successfully

Query was executed successfully

Query was executed successfully

