[An error expected at this place for the query "load_module('../tests/harness/testcases/data/module_negative_1.txt')". And it failed with error code = scidb::SCIDB_SE_SYNTAX::SCIDB_LE_NAME_REDEFINED. Expected error code = scidb::SCIDB_SE_SYNTAX::SCIDB_LE_NAME_REDEFINED.]

[An error expected at this place for the query "load_module('../tests/harness/testcases/data/module_negative_2.txt')". And it failed with error code = scidb::SCIDB_SE_SYNTAX::SCIDB_LE_NAME_NOT_APPLICABLE. Expected error code = scidb::SCIDB_SE_SYNTAX::SCIDB_LE_NAME_NOT_APPLICABLE.]

[An error expected at this place for the query "load_module('../tests/harness/testcases/data/module_negative_3.txt')". And it failed with error code = scidb::SCIDB_SE_SYNTAX::SCIDB_LE_NAME_IS_RECURSIVE. Expected error code = scidb::SCIDB_SE_SYNTAX::SCIDB_LE_NAME_IS_RECURSIVE.]

[An error expected at this place for the query "load_module('../tests/harness/testcases/data/module_negative_4.txt')". And it failed with error code = scidb::SCIDB_SE_SYNTAX::SCIDB_LE_NAME_ARITY_MISMATCH. Expected error code = scidb::SCIDB_SE_SYNTAX::SCIDB_LE_NAME_ARITY_MISMATCH.]

[An error expected at this place for the query "load_module('../tests/harness/testcases/data/module_negative_5.txt')". And it failed with error code = scidb::SCIDB_SE_SYNTAX::SCIDB_LE_NAME_IS_RECURSIVE. Expected error code = scidb::SCIDB_SE_SYNTAX::SCIDB_LE_NAME_IS_RECURSIVE.]

[An error expected at this place for the query "load_module('../tests/harness/testcases/data/module_negative_6.txt')". And it failed with error code = scidb::SCIDB_SE_SYNTAX::SCIDB_LE_NAME_IS_RECURSIVE. Expected error code = scidb::SCIDB_SE_SYNTAX::SCIDB_LE_NAME_IS_RECURSIVE.]

