Query was executed successfully

Query was executed successfully

[{0}(10),{2}(12)]

[[{0,0}(10,true,10),{0,1}(),{0,2}(),{1,0}(),{1,1}(),{1,2}(),{2,0}(),{2,1}(),{2,2}(12,true,12)]]

[{0}(10),{1}(11)]

[[{0,0}(10,true,10),{0,1}(),{0,2}(),{1,0}(),{1,1}(),{1,2}(),{2,0}(),{2,1}(),{2,2}()]]

Query was executed successfully

Query was executed successfully

