Query was executed successfully

Query was executed successfully

[(28),(35),(35),(100),(1000)]

[[(2,0),(4,12),(6,14),(5,2)],[(2,0),(12,12),(5,4),(3,4)],[(5,0),(12,12),(),()],[(),(),(),()]]

[(),(),(),(100),()]

[]

[]

[]

[]

[(),(),(35),(),(1000)]

[[(),(),(),()],[(),(),(),(3,4)],[(),(),(),()],[(),(),(),()]]

[(),(35),(),(100),(1000)]

[[(),(),(6,14),()],[(2,0),(12,12),(5,4),(3,4)],[(5,0),(12,12),(),()],[(),(),(),()]]

Query was executed successfully

Query was executed successfully

