Query was executed successfully

Query was executed successfully

Query was executed successfully

Query was executed successfully

Query was executed successfully

Query was executed successfully

Query was executed successfully

Query was executed successfully

[(28),(35),(35),(100),(1000)]

[("Honda","CRV",26700,23.5),("Toyota","Prius",31000,48.7),("Ford","Explorer",42000,19.6),("Audi","Q5",45000,26.8)]

[(5.95,null),(5.25,7.256),(0,0),(4.2536,0.22568),(),(0,0),(5.95,null),(5.25,7.256),(null,null),(2.356,85689)]

[(25),(12),(45),(45),(25),(12),(25),(12),(25),(12),(25),(12),(25),(12),(25),(12),(25),(12),(25),(12),(0),(-25),(25),(33),(41),(23),(78),(41),(23),(78)]

[(25),(12),(25),()]

[[(2,0),(4,12),(6,14),(5,2)],[(2,0),(12,12),(5,4),(3,4)],[(5,0),(12,12),(),()],[(),(),(),()]]

[[(0,100),(1,99),(2,98),(3,97)],[(4,2500),(5,95),(6,94),(7,93)],[(8,92),(9,91),(),(11,89)],[(12,88),(13,2500),(14,86),(15,85)]]

[[(NA,100),(1,99),(2,98),(3,97)],[(3.14159,NA),(5,95),(6,94),(7,93)],[(NA,3.14159),(9,91),(12,12),(11,89)],[(NA,3.14159),(7,13),(14,86),(15,85)]]

Query was executed successfully

Query was executed successfully

Query was executed successfully

Query was executed successfully

Query was executed successfully

Query was executed successfully

Query was executed successfully

Query was executed successfully

