Query was executed successfully

Query was executed successfully

Query was executed successfully

Query was executed successfully

Query was executed successfully

[(28),(35),(35),(100),(1000)]

[(25),(12),(45),(45),(25),(12),(25),(12),(25),(12),(25),(12),(25),(12),(25),(12),(25),(12),(25),(12),(0),(-25),(25),(33),(41),(23),(78),(41),(23),(78)]

[(1),(2),(3),(4),(5),(6),(7),(8)]

[(40),(41),(42),(43),(44),(45),(46),(47),(48),(49),(50),(51),(52),(53),(54),(55),(56),(57),(58),(59),(60)]

[(40),(41),(42),(43),(44),(45),(46),(47),(48),(49),(50),(51),(52),(53),(54),(55),(56),(57),(58),(59),(60)]

[(23),(),(),(),()]

[(41),(42),(43),(44),(45),(46),(47),(48)]

[(51),(52),(53),(54),(55),(56),(57),(58)]

Query was executed successfully

Query was executed successfully

Query was executed successfully

Query was executed successfully

Query was executed successfully

