SCIDB QUERY : <create array A <a:int32> [x=0:8,6,0]>
Query was executed successfully

SCIDB QUERY : <store(build(A,x+10),A)>
[(10),(11),(12),(13),(14),(15),(16),(17),(18)]

SCIDB QUERY : <thin(A,0,1)>
[(10),(11),(12),(13),(14),(15),(16),(17),(18)]

SCIDB QUERY : <window(thin(A,0,1),1,stdev(a))>
[(null),(null),(null),(null),(null),(null),(null),(null),(null)]

SCIDB QUERY : <thin(A,0,2)>
[(10),(12),(14),(16),(18)]

SCIDB QUERY : <window(thin(A,0,2),2,max(a))>
[(10),(12),(14),(16),(18)]

SCIDB QUERY : <thin(A,0,3)>
[(10),(13),(16)]

SCIDB QUERY : <window(thin(A,0,3),3,min(a))>
[(10),(10),(13)]

SCIDB QUERY : <thin(A,1,2)>
[(11),(13),(15),(17)]

SCIDB QUERY : <window(thin(A,1,2),2,sum(a))>
[(11),(24),(28),(32)]

SCIDB QUERY : <thin(A,1,3)>
[(11),(14),(17)]

SCIDB QUERY : <window(thin(A,1,3),3,avg(a))>
[(12.5),(14),(15.5)]

SCIDB QUERY : <thin(A,2,3)>
[(12),(15),(18)]

SCIDB QUERY : <window(thin(A,2,3),1,var(a))>
[(null),(null),(null)]

SCIDB QUERY : <remove(A)>
Query was executed successfully

