SCIDB QUERY : <create not empty array A1k <x:float>[i=1:1000,500,0, j=1:1000,500,0]>
[Query was executed successfully, ignoring data output by this query.]

SCIDB QUERY : <store(build(A1k, i*1000+j), A1k)>
[Query was executed successfully, ignoring data output by this query.]

SCIDB QUERY : <create array mat_4800_4800 <a: double> [I=0:4799,400,0, J=0:4799,400,0]>
[Query was executed successfully, ignoring data output by this query.]

SCIDB QUERY : <store(build(mat_4800_4800, I + J - 1), mat_4800_4800)>
[Query was executed successfully, ignoring data output by this query.]

SCIDB QUERY : <multiply(A1k, transpose(A1k), 'iterative')>
[Query was executed successfully, ignoring data output by this query.]

SCIDB QUERY : <multiply(mat_4800_4800, transpose(mat_4800_4800))>
[Query was executed successfully, ignoring data output by this query.]

SCIDB QUERY : <remove(A1k)>
Query was executed successfully

SCIDB QUERY : <remove(mat_4800_4800)>
Query was executed successfully

