SCIDB QUERY : <create immutable array Ts <a:string> [x=-2:3,2,1]>
Query was executed successfully

SCIDB QUERY : <create immutable array Ts_rle <a:string compression 'rle'> [x=-2:3,2,1]>
Query was executed successfully

SCIDB QUERY : <create immutable array Ts_d <a:string compression 'dictionary'> [x=-2:3,2,1]>
Query was executed successfully

SCIDB QUERY : <create immutable array Ts_ns <a:string compression 'null suppression'> [x=-2:3,2,1]>
Query was executed successfully

SCIDB QUERY : <create immutable array Ts_be <a:string compression 'bitmap encoding'> [x=-2:3,2,1]>
Query was executed successfully

SCIDB QUERY : <create immutable array Ts_z <a:string compression 'zlib'> [x=-2:3,2,1]>
Query was executed successfully

SCIDB QUERY : <create immutable array Ts_bz <a:string compression 'bzlib'> [x=-2:3,2,1]>
Query was executed successfully

SCIDB QUERY : <create immutable array Ts_nf <a:string compression 'null filter'> [x=-2:3,2,1]>
Query was executed successfully

SCIDB QUERY : <create immutable empty array eTs <a:string> [x=-2:3,2,1]>
Query was executed successfully

SCIDB QUERY : <create immutable empty array eTs_rle <a:string compression 'rle'> [x=-2:3,2,1]>
Query was executed successfully

SCIDB QUERY : <create immutable empty array eTs_d <a:string compression 'dictionary'> [x=-2:3,2,1]>
Query was executed successfully

SCIDB QUERY : <create immutable empty array eTs_ns <a:string compression 'null suppression'> [x=-2:3,2,1]>
Query was executed successfully

SCIDB QUERY : <create immutable empty array eTs_be <a:string compression 'bitmap encoding'> [x=-2:3,2,1]>
Query was executed successfully

SCIDB QUERY : <create immutable empty array eTs_z <a:string compression 'zlib'> [x=-2:3,2,1]>
Query was executed successfully

SCIDB QUERY : <create immutable empty array eTs_bz <a:string compression 'bzlib'> [x=-2:3,2,1]>
Query was executed successfully

SCIDB QUERY : <create immutable empty array eTs_nf <a:string compression 'null filter'> [x=-2:3,2,1]>
Query was executed successfully

SCIDB QUERY : <create immutable array dTs <a:string default 'default'> [x=-2:3,2,1]>
Query was executed successfully

SCIDB QUERY : <create immutable array dTs_rle <a:string default 'default' compression 'rle'> [x=-2:3,2,1]>
Query was executed successfully

SCIDB QUERY : <create immutable array dTs_d <a:string default 'default' compression 'dictionary'> [x=-2:3,2,1]>
Query was executed successfully

SCIDB QUERY : <create immutable array dTs_ns <a:string default 'default' compression 'null suppression'> [x=-2:3,2,1]>
Query was executed successfully

SCIDB QUERY : <create immutable array dTs_be <a:string default 'default' compression 'bitmap encoding'> [x=-2:3,2,1]>
Query was executed successfully

SCIDB QUERY : <create immutable array dTs_z <a:string default 'default' compression 'zlib'> [x=-2:3,2,1]>
Query was executed successfully

SCIDB QUERY : <create immutable array dTs_bz <a:string default 'default' compression 'bzlib'> [x=-2:3,2,1]>
Query was executed successfully

SCIDB QUERY : <create immutable array dTs_nf <a:string default 'default' compression 'null filter'> [x=-2:3,2,1]>
Query was executed successfully

SCIDB QUERY : <create immutable empty array edTs <a:string default 'default'> [x=-2:3,2,1]>
Query was executed successfully

SCIDB QUERY : <create immutable empty array edTs_rle <a:string default 'default' compression 'rle'> [x=-2:3,2,1]>
Query was executed successfully

SCIDB QUERY : <create immutable empty array edTs_d <a:string default 'default' compression 'dictionary'> [x=-2:3,2,1]>
Query was executed successfully

SCIDB QUERY : <create immutable empty array edTs_ns <a:string default 'default' compression 'null suppression'> [x=-2:3,2,1]>
Query was executed successfully

SCIDB QUERY : <create immutable empty array edTs_be <a:string default 'default' compression 'bitmap encoding'> [x=-2:3,2,1]>
Query was executed successfully

SCIDB QUERY : <create immutable empty array edTs_z <a:string default 'default' compression 'zlib'> [x=-2:3,2,1]>
Query was executed successfully

SCIDB QUERY : <create immutable empty array edTs_bz <a:string default 'default' compression 'bzlib'> [x=-2:3,2,1]>
Query was executed successfully

SCIDB QUERY : <create immutable empty array edTs_nf <a:string default 'default' compression 'null filter'> [x=-2:3,2,1]>
Query was executed successfully

SCIDB QUERY : <select * into Ts_rle from build_sparse(Ts,string(x),x<>0)>
[{-2}("-2"),{-1}("-1")];
[{1}("1")];
[{2}("2"),{3}("3")]

SCIDB QUERY : <select * into Ts_d from build_sparse(Ts,string(x),x<>x)>
[]

SCIDB QUERY : <select * into Ts_ns from build_sparse(Ts,string(x),x<>1 or x<>-1)>
[{-2}("-2"),{-1}("-1")];
[{0}("0"),{1}("1")];
[{2}("2"),{3}("3")]

SCIDB QUERY : <select * into Ts_be from build_sparse(Ts,string(x),x=0 or x=3)>
[{0}("0")];
[{3}("3")]

SCIDB QUERY : <select * into Ts_z from build_sparse(Ts,string(x),x=-1)>
[{-1}("-1")];
[]

SCIDB QUERY : <select * into Ts_bz from build_sparse(Ts,string(x),x=9)>
[]

SCIDB QUERY : <select * into Ts_nf from build_sparse(Ts,string(x),x=x)>
[{-2}("-2"),{-1}("-1")];
[{0}("0"),{1}("1")];
[{2}("2"),{3}("3")]

SCIDB QUERY : <select * into eTs_rle from build_sparse(eTs,string(x),x<>0)>
[{-2}("-2"),{-1}("-1")];
[{1}("1")];
[{2}("2"),{3}("3")]

SCIDB QUERY : <select * into eTs_d from build_sparse(eTs,string(x),x<>x)>
[]

SCIDB QUERY : <select * into eTs_ns from build_sparse(eTs,string(x),x<>1 or x<>-1)>
[{-2}("-2"),{-1}("-1")];
[{0}("0"),{1}("1")];
[{2}("2"),{3}("3")]

SCIDB QUERY : <select * into eTs_be from build_sparse(eTs,string(x),x=0 or x=3)>
[{0}("0")];
[{3}("3")]

SCIDB QUERY : <select * into eTs_z from build_sparse(eTs,string(x),x=-1)>
[{-1}("-1")]

SCIDB QUERY : <select * into eTs_bz from build_sparse(eTs,string(x),x=9)>
[]

SCIDB QUERY : <select * into eTs_nf from build_sparse(eTs,string(x),x=x)>
[{-2}("-2"),{-1}("-1")];
[{0}("0"),{1}("1")];
[{2}("2"),{3}("3")]

SCIDB QUERY : <select * into dTs_rle from build_sparse(dTs,string(x),true)>
[{-2}("-2"),{-1}("-1")];
[{0}("0"),{1}("1")];
[{2}("2"),{3}("3")]

SCIDB QUERY : <select * into dTs_d from build_sparse(dTs,string(x),true)>
[{-2}("-2"),{-1}("-1")];
[{0}("0"),{1}("1")];
[{2}("2"),{3}("3")]

SCIDB QUERY : <select * into dTs_ns from build_sparse(dTs,string(x),true)>
[{-2}("-2"),{-1}("-1")];
[{0}("0"),{1}("1")];
[{2}("2"),{3}("3")]

SCIDB QUERY : <select * into dTs_be from build_sparse(dTs,string(x),true)>
[{-2}("-2"),{-1}("-1")];
[{0}("0"),{1}("1")];
[{2}("2"),{3}("3")]

SCIDB QUERY : <select * into dTs_z from build_sparse(dTs,string(x),true)>
[{-2}("-2"),{-1}("-1")];
[{0}("0"),{1}("1")];
[{2}("2"),{3}("3")]

SCIDB QUERY : <select * into dTs_bz from build_sparse(dTs,string(x),true)>
[{-2}("-2"),{-1}("-1")];
[{0}("0"),{1}("1")];
[{2}("2"),{3}("3")]

SCIDB QUERY : <select * into dTs_nf from build_sparse(dTs,string(x),true)>
[{-2}("-2"),{-1}("-1")];
[{0}("0"),{1}("1")];
[{2}("2"),{3}("3")]

SCIDB QUERY : <select * into edTs_rle from build_sparse(edTs,string(x),x<>0)>
[{-2}("-2"),{-1}("-1")];
[{1}("1")];
[{2}("2"),{3}("3")]

SCIDB QUERY : <select * into edTs_d from build_sparse(edTs,string(x),x<>x)>
[]

SCIDB QUERY : <select * into edTs_ns from build_sparse(edTs,string(x),x<>1 or x<>-1)>
[{-2}("-2"),{-1}("-1")];
[{0}("0"),{1}("1")];
[{2}("2"),{3}("3")]

SCIDB QUERY : <select * into edTs_be from build_sparse(edTs,string(x),x=0 or x=3)>
[{0}("0")];
[{3}("3")]

SCIDB QUERY : <select * into edTs_z from build_sparse(edTs,string(x),x=-1)>
[{-1}("-1")]

SCIDB QUERY : <select * into edTs_bz from build_sparse(edTs,string(x),x=9)>
[]

SCIDB QUERY : <select * into edTs_nf from build_sparse(edTs,string(x),x=x)>
[{-2}("-2"),{-1}("-1")];
[{0}("0"),{1}("1")];
[{2}("2"),{3}("3")]

SCIDB QUERY : <remove(Ts)>
Query was executed successfully

SCIDB QUERY : <remove(Ts_rle)>
Query was executed successfully

SCIDB QUERY : <remove(Ts_d)>
Query was executed successfully

SCIDB QUERY : <remove(Ts_ns)>
Query was executed successfully

SCIDB QUERY : <remove(Ts_be)>
Query was executed successfully

SCIDB QUERY : <remove(Ts_z)>
Query was executed successfully

SCIDB QUERY : <remove(Ts_bz)>
Query was executed successfully

SCIDB QUERY : <remove(Ts_nf)>
Query was executed successfully

SCIDB QUERY : <remove(eTs)>
Query was executed successfully

SCIDB QUERY : <remove(eTs_rle)>
Query was executed successfully

SCIDB QUERY : <remove(eTs_d)>
Query was executed successfully

SCIDB QUERY : <remove(eTs_ns)>
Query was executed successfully

SCIDB QUERY : <remove(eTs_be)>
Query was executed successfully

SCIDB QUERY : <remove(eTs_z)>
Query was executed successfully

SCIDB QUERY : <remove(eTs_bz)>
Query was executed successfully

SCIDB QUERY : <remove(eTs_nf)>
Query was executed successfully

SCIDB QUERY : <remove(dTs)>
Query was executed successfully

SCIDB QUERY : <remove(dTs_rle)>
Query was executed successfully

SCIDB QUERY : <remove(dTs_d)>
Query was executed successfully

SCIDB QUERY : <remove(dTs_ns)>
Query was executed successfully

SCIDB QUERY : <remove(dTs_be)>
Query was executed successfully

SCIDB QUERY : <remove(dTs_z)>
Query was executed successfully

SCIDB QUERY : <remove(dTs_bz)>
Query was executed successfully

SCIDB QUERY : <remove(dTs_nf)>
Query was executed successfully

SCIDB QUERY : <remove(edTs)>
Query was executed successfully

SCIDB QUERY : <remove(edTs_rle)>
Query was executed successfully

SCIDB QUERY : <remove(edTs_d)>
Query was executed successfully

SCIDB QUERY : <remove(edTs_ns)>
Query was executed successfully

SCIDB QUERY : <remove(edTs_be)>
Query was executed successfully

SCIDB QUERY : <remove(edTs_z)>
Query was executed successfully

SCIDB QUERY : <remove(edTs_bz)>
Query was executed successfully

SCIDB QUERY : <remove(edTs_nf)>
Query was executed successfully

