SCIDB QUERY : <create empty array ABRLOAD <v : int64> [I=0:2000,20,0, J=0:1000,20,0]>
Query was executed successfully

SCIDB QUERY : <../utils/killquery.sh -afl 2  2 $'load(ABRLOAD, \'../tests/harness/testcases/data/abrload.txt\' ) ' >

SCIDB QUERY : <../utils/killquery.sh -afl 15 2 $'load(ABRLOAD, \'../tests/harness/testcases/data/abrload.txt\' ) ' >

SCIDB QUERY : <../utils/killquery.sh -afl 9  2 $'load(ABRLOAD, \'../tests/harness/testcases/data/abrload.txt\' ) ' >

"array should be empty (0 rows)..."
SCIDB QUERY : <count(ABRLOAD)>
{i} count
{0} 0

Query was executed successfully

