Query was executed successfully

[[(1)]];[[(2)]];[[(3)]];[[(4)]];[[(5)]];[[(6)]];[[(7)]];[[(8)]];[[(9)]]

[An error expected at this place for the query "select count(*,y) from mult_1". And it failed with error code = scidb::SCIDB_SE_PARSER::SCIDB_LE_QUERY_PARSING_ERROR. Expected error code = scidb::SCIDB_SE_PARSER::SCIDB_LE_QUERY_PARSING_ERROR.]

Query was executed successfully

