Query was executed successfully

Query was executed successfully

[(10),(11),(12)]

[An error expected at this place for the query "select * into B from A". And it failed with error code = scidb::SCIDB_SE_SYNTAX::SCIDB_LE_CAN_NOT_STORE. Expected error code = scidb::SCIDB_SE_SYNTAX::SCIDB_LE_CAN_NOT_STORE.]

[("A"),("B")]

Query was executed successfully

Query was executed successfully

