SCIDB QUERY : <create array A <a:int32 default 10> [x=0:2,3,0]>
Query was executed successfully

SCIDB QUERY : <select * into A from build(A,x+9)>
[(9),(10),(11)]

SCIDB QUERY : <update A set a = a + 1>
[(10),(11),(12)]

SCIDB QUERY : <select * into A from build_sparse(A,x+12,x<>1)>
[{0}(12),{2}(14)]

SCIDB QUERY : <update A set a = a + 1>
[{0}(13),{1}(11),{2}(15)]

SCIDB QUERY : <update A set a = a + 20>
[{0}(33),{1}(31),{2}(35)]

SCIDB QUERY : <update A set a = a - 21>
[{0}(12),{2}(14)]

SCIDB QUERY : <update A set a = 10>
[]

SCIDB QUERY : <select a from A>
[]

SCIDB QUERY : <select a + 0 from A>
[{0}(10),{1}(10),{2}(10)]

SCIDB QUERY : <update A set a = a * 1>
[]

SCIDB QUERY : <update A set a = a / 1>
[]

SCIDB QUERY : <update A set a = a * 10>
[{0}(100),{1}(100),{2}(100)]

SCIDB QUERY : <update A set a = a / 10>
[]

SCIDB QUERY : <update A set a = a / 2>
[{0}(5),{1}(5),{2}(5)]

SCIDB QUERY : <select * into A from build(A,x+9)>
[(9),(10),(11)]

SCIDB QUERY : <remove(A)>
Query was executed successfully

