Query was executed successfully

Query was executed successfully

{x} a
{0} 1
{1} 2
{2} 3

{a} x
{null} 0
{null} 1
{null} 2

[An error expected at this place for the query "redimension_store(A,B)". And it failed with error code = scidb::SCIDB_SE_SYSCAT::SCIDB_LE_PG_QUERY_EXECUTION_FAILED. Expected error code = scidb::SCIDB_SE_SYSCAT::SCIDB_LE_PG_QUERY_EXECUTION_FAILED.]

Query was executed successfully

Query was executed successfully

