SCIDB QUERY : <create array Ts_rle <a:string null compression 'rle'> [x=-2:3,2,1,y=0:2,3,0]>
Query was executed successfully

SCIDB QUERY : <create array Ts_d <a:string null compression 'dictionary'> [x=-2:3,2,1,y=0:2,3,0]>
Query was executed successfully

SCIDB QUERY : <create array Ts_ns <a:string null compression 'null suppression'> [x=-2:3,2,1,y=0:2,3,0]>
Query was executed successfully

SCIDB QUERY : <create array Ts_be <a:string null compression 'bitmap encoding'> [x=-2:3,2,1,y=0:2,3,0]>
Query was executed successfully

SCIDB QUERY : <create array Ts_z <a:string null compression 'zlib'> [x=-2:3,2,1,y=0:2,3,0]>
Query was executed successfully

SCIDB QUERY : <create array Ts_bz <a:string null compression 'bzlib'> [x=-2:3,2,1,y=0:2,3,0]>
Query was executed successfully

SCIDB QUERY : <create array Ts_nf <a:string null compression 'null filter'> [x=-2:3,2,1,y=0:2,3,0]>
Query was executed successfully

SCIDB QUERY : <create empty array eTs_rle <a:string null compression 'rle'> [x=-2:3,2,1,y=0:2,3,0]>
Query was executed successfully

SCIDB QUERY : <create empty array eTs_d <a:string null compression 'dictionary'> [x=-2:3,2,1,y=0:2,3,0]>
Query was executed successfully

SCIDB QUERY : <create empty array eTs_ns <a:string null compression 'null suppression'> [x=-2:3,2,1,y=0:2,3,0]>
Query was executed successfully

SCIDB QUERY : <create empty array eTs_be <a:string null compression 'bitmap encoding'> [x=-2:3,2,1,y=0:2,3,0]>
Query was executed successfully

SCIDB QUERY : <create empty array eTs_z <a:string null compression 'zlib'> [x=-2:3,2,1,y=0:2,3,0]>
Query was executed successfully

SCIDB QUERY : <create empty array eTs_bz <a:string null compression 'bzlib'> [x=-2:3,2,1,y=0:2,3,0]>
Query was executed successfully

SCIDB QUERY : <create empty array eTs_nf <a:string null compression 'null filter'> [x=-2:3,2,1,y=0:2,3,0]>
Query was executed successfully

SCIDB QUERY : <create array dTs_rle <a:string null default 'default' compression 'rle'> [x=-2:3,2,1,y=0:2,3,0]>
Query was executed successfully

SCIDB QUERY : <create array dTs_d <a:string null default 'default' compression 'dictionary'> [x=-2:3,2,1,y=0:2,3,0]>
Query was executed successfully

SCIDB QUERY : <create array dTs_ns <a:string null default 'default' compression 'null suppression'> [x=-2:3,2,1,y=0:2,3,0]>
Query was executed successfully

SCIDB QUERY : <create array dTs_be <a:string null default 'default' compression 'bitmap encoding'> [x=-2:3,2,1,y=0:2,3,0]>
Query was executed successfully

SCIDB QUERY : <create array dTs_z <a:string null default 'default' compression 'zlib'> [x=-2:3,2,1,y=0:2,3,0]>
Query was executed successfully

SCIDB QUERY : <create array dTs_bz <a:string null default 'default' compression 'bzlib'> [x=-2:3,2,1,y=0:2,3,0]>
Query was executed successfully

SCIDB QUERY : <create array dTs_nf <a:string null default 'default' compression 'null filter'> [x=-2:3,2,1,y=0:2,3,0]>
Query was executed successfully

SCIDB QUERY : <create empty array edTs_rle <a:string null default 'default' compression 'rle'> [x=-2:3,2,1,y=0:2,3,0]>
Query was executed successfully

SCIDB QUERY : <create empty array edTs_d <a:string null default 'default' compression 'dictionary'> [x=-2:3,2,1,y=0:2,3,0]>
Query was executed successfully

SCIDB QUERY : <create empty array edTs_ns <a:string null default 'default' compression 'null suppression'> [x=-2:3,2,1,y=0:2,3,0]>
Query was executed successfully

SCIDB QUERY : <create empty array edTs_be <a:string null default 'default' compression 'bitmap encoding'> [x=-2:3,2,1,y=0:2,3,0]>
Query was executed successfully

SCIDB QUERY : <create empty array edTs_z <a:string null default 'default' compression 'zlib'> [x=-2:3,2,1,y=0:2,3,0]>
Query was executed successfully

SCIDB QUERY : <create empty array edTs_bz <a:string null default 'default' compression 'bzlib'> [x=-2:3,2,1,y=0:2,3,0]>
Query was executed successfully

SCIDB QUERY : <create empty array edTs_nf <a:string null default 'default' compression 'null filter'> [x=-2:3,2,1,y=0:2,3,0]>
Query was executed successfully

SCIDB QUERY : <load Ts_rle from '../tests/basic/data/null_19.txt'>
[[(null),(null),(null)],[(null),(null),(?2)],[(?1),(null),(null)],[(null),(null),(null)],[(null),(null),(null)],[(null),(null),(null)]]

SCIDB QUERY : <load Ts_d from '../tests/basic/data/null_19.txt'>
[[(null),(null),(null)],[(null),(null),(?2)],[(?1),(null),(null)],[(null),(null),(null)],[(null),(null),(null)],[(null),(null),(null)]]

SCIDB QUERY : <load Ts_ns from '../tests/basic/data/null_19.txt'>
[[(null),(null),(null)],[(null),(null),(?2)],[(?1),(null),(null)],[(null),(null),(null)],[(null),(null),(null)],[(null),(null),(null)]]

SCIDB QUERY : <load Ts_be from '../tests/basic/data/null_19.txt'>
[[(null),(null),(null)],[(null),(null),(?2)],[(?1),(null),(null)],[(null),(null),(null)],[(null),(null),(null)],[(null),(null),(null)]]

SCIDB QUERY : <load Ts_z from '../tests/basic/data/null_19.txt'>
[[(null),(null),(null)],[(null),(null),(?2)],[(?1),(null),(null)],[(null),(null),(null)],[(null),(null),(null)],[(null),(null),(null)]]

SCIDB QUERY : <load Ts_bz from '../tests/basic/data/null_19.txt'>
[[(null),(null),(null)],[(null),(null),(?2)],[(?1),(null),(null)],[(null),(null),(null)],[(null),(null),(null)],[(null),(null),(null)]]

SCIDB QUERY : <load Ts_nf from '../tests/basic/data/null_19.txt'>
[[(null),(null),(null)],[(null),(null),(?2)],[(?1),(null),(null)],[(null),(null),(null)],[(null),(null),(null)],[(null),(null),(null)]]

SCIDB QUERY : <load dTs_rle from '../tests/basic/data/null_19.txt'>
[[("default"),("default"),("default")],[("default"),("default"),(?2)],[(?1),("default"),("default")],[("default"),("default"),("default")],[("default"),("default"),("default")],[("default"),("default"),("default")]]

SCIDB QUERY : <load dTs_d from '../tests/basic/data/null_19.txt'>
[[("default"),("default"),("default")],[("default"),("default"),(?2)],[(?1),("default"),("default")],[("default"),("default"),("default")],[("default"),("default"),("default")],[("default"),("default"),("default")]]

SCIDB QUERY : <load dTs_ns from '../tests/basic/data/null_19.txt'>
[[("default"),("default"),("default")],[("default"),("default"),(?2)],[(?1),("default"),("default")],[("default"),("default"),("default")],[("default"),("default"),("default")],[("default"),("default"),("default")]]

SCIDB QUERY : <load dTs_be from '../tests/basic/data/null_19.txt'>
[[("default"),("default"),("default")],[("default"),("default"),(?2)],[(?1),("default"),("default")],[("default"),("default"),("default")],[("default"),("default"),("default")],[("default"),("default"),("default")]]

SCIDB QUERY : <load dTs_z from '../tests/basic/data/null_19.txt'>
[[("default"),("default"),("default")],[("default"),("default"),(?2)],[(?1),("default"),("default")],[("default"),("default"),("default")],[("default"),("default"),("default")],[("default"),("default"),("default")]]

SCIDB QUERY : <load dTs_bz from '../tests/basic/data/null_19.txt'>
[[("default"),("default"),("default")],[("default"),("default"),(?2)],[(?1),("default"),("default")],[("default"),("default"),("default")],[("default"),("default"),("default")],[("default"),("default"),("default")]]

SCIDB QUERY : <load dTs_nf from '../tests/basic/data/null_19.txt'>
[[("default"),("default"),("default")],[("default"),("default"),(?2)],[(?1),("default"),("default")],[("default"),("default"),("default")],[("default"),("default"),("default")],[("default"),("default"),("default")]]

SCIDB QUERY : <load eTs_rle from '../tests/basic/data/null_19.txt'>
[[(),(),()],[(),(),(?2)],[(?1),(),()],[(),(),()],[(),(),()],[(),(),()]]

SCIDB QUERY : <load eTs_d from '../tests/basic/data/null_19.txt'>
[[(),(),()],[(),(),(?2)],[(?1),(),()],[(),(),()],[(),(),()],[(),(),()]]

SCIDB QUERY : <load eTs_ns from '../tests/basic/data/null_19.txt'>
[[(),(),()],[(),(),(?2)],[(?1),(),()],[(),(),()],[(),(),()],[(),(),()]]

SCIDB QUERY : <load eTs_be from '../tests/basic/data/null_19.txt'>
[[(),(),()],[(),(),(?2)],[(?1),(),()],[(),(),()],[(),(),()],[(),(),()]]

SCIDB QUERY : <load eTs_z from '../tests/basic/data/null_19.txt'>
[[(),(),()],[(),(),(?2)],[(?1),(),()],[(),(),()],[(),(),()],[(),(),()]]

SCIDB QUERY : <load eTs_bz from '../tests/basic/data/null_19.txt'>
[[(),(),()],[(),(),(?2)],[(?1),(),()],[(),(),()],[(),(),()],[(),(),()]]

SCIDB QUERY : <load eTs_nf from '../tests/basic/data/null_19.txt'>
[[(),(),()],[(),(),(?2)],[(?1),(),()],[(),(),()],[(),(),()],[(),(),()]]

SCIDB QUERY : <load edTs_rle from '../tests/basic/data/null_19.txt'>
[[(),(),()],[(),(),(?2)],[(?1),(),()],[(),(),()],[(),(),()],[(),(),()]]

SCIDB QUERY : <load edTs_d from '../tests/basic/data/null_19.txt'>
[[(),(),()],[(),(),(?2)],[(?1),(),()],[(),(),()],[(),(),()],[(),(),()]]

SCIDB QUERY : <load edTs_ns from '../tests/basic/data/null_19.txt'>
[[(),(),()],[(),(),(?2)],[(?1),(),()],[(),(),()],[(),(),()],[(),(),()]]

SCIDB QUERY : <load edTs_be from '../tests/basic/data/null_19.txt'>
[[(),(),()],[(),(),(?2)],[(?1),(),()],[(),(),()],[(),(),()],[(),(),()]]

SCIDB QUERY : <load edTs_z from '../tests/basic/data/null_19.txt'>
[[(),(),()],[(),(),(?2)],[(?1),(),()],[(),(),()],[(),(),()],[(),(),()]]

SCIDB QUERY : <load edTs_bz from '../tests/basic/data/null_19.txt'>
[[(),(),()],[(),(),(?2)],[(?1),(),()],[(),(),()],[(),(),()],[(),(),()]]

SCIDB QUERY : <load edTs_nf from '../tests/basic/data/null_19.txt'>
[[(),(),()],[(),(),(?2)],[(?1),(),()],[(),(),()],[(),(),()],[(),(),()]]

SCIDB QUERY : <load Ts_rle from '../tests/basic/data/null_20.txt'>
[[(null),(null),(null)],[(null),(null),(null)],[(null),(null),(?3)],[(null),(null),(null)],[(?1),(null),(null)],[(null),(null),(?2)]]

SCIDB QUERY : <load Ts_d from '../tests/basic/data/null_20.txt'>
[[(null),(null),(null)],[(null),(null),(null)],[(null),(null),(?3)],[(null),(null),(null)],[(?1),(null),(null)],[(null),(null),(?2)]]

SCIDB QUERY : <load Ts_ns from '../tests/basic/data/null_20.txt'>
[[(null),(null),(null)],[(null),(null),(null)],[(null),(null),(?3)],[(null),(null),(null)],[(?1),(null),(null)],[(null),(null),(?2)]]

SCIDB QUERY : <load Ts_be from '../tests/basic/data/null_20.txt'>
[[(null),(null),(null)],[(null),(null),(null)],[(null),(null),(?3)],[(null),(null),(null)],[(?1),(null),(null)],[(null),(null),(?2)]]

SCIDB QUERY : <load Ts_z from '../tests/basic/data/null_20.txt'>
[[(null),(null),(null)],[(null),(null),(null)],[(null),(null),(?3)],[(null),(null),(null)],[(?1),(null),(null)],[(null),(null),(?2)]]

SCIDB QUERY : <load Ts_bz from '../tests/basic/data/null_20.txt'>
[[(null),(null),(null)],[(null),(null),(null)],[(null),(null),(?3)],[(null),(null),(null)],[(?1),(null),(null)],[(null),(null),(?2)]]

SCIDB QUERY : <load Ts_nf from '../tests/basic/data/null_20.txt'>
[[(null),(null),(null)],[(null),(null),(null)],[(null),(null),(?3)],[(null),(null),(null)],[(?1),(null),(null)],[(null),(null),(?2)]]

SCIDB QUERY : <load dTs_rle from '../tests/basic/data/null_20.txt'>
[[("default"),("default"),("default")],[("default"),("default"),("default")],[("default"),("default"),(?3)],[("default"),("default"),("default")],[(?1),("default"),("default")],[("default"),("default"),(?2)]]

SCIDB QUERY : <load dTs_d from '../tests/basic/data/null_20.txt'>
[[("default"),("default"),("default")],[("default"),("default"),("default")],[("default"),("default"),(?3)],[("default"),("default"),("default")],[(?1),("default"),("default")],[("default"),("default"),(?2)]]

SCIDB QUERY : <load dTs_ns from '../tests/basic/data/null_20.txt'>
[[("default"),("default"),("default")],[("default"),("default"),("default")],[("default"),("default"),(?3)],[("default"),("default"),("default")],[(?1),("default"),("default")],[("default"),("default"),(?2)]]

SCIDB QUERY : <load dTs_be from '../tests/basic/data/null_20.txt'>
[[("default"),("default"),("default")],[("default"),("default"),("default")],[("default"),("default"),(?3)],[("default"),("default"),("default")],[(?1),("default"),("default")],[("default"),("default"),(?2)]]

SCIDB QUERY : <load dTs_z from '../tests/basic/data/null_20.txt'>
[[("default"),("default"),("default")],[("default"),("default"),("default")],[("default"),("default"),(?3)],[("default"),("default"),("default")],[(?1),("default"),("default")],[("default"),("default"),(?2)]]

SCIDB QUERY : <load dTs_bz from '../tests/basic/data/null_20.txt'>
[[("default"),("default"),("default")],[("default"),("default"),("default")],[("default"),("default"),(?3)],[("default"),("default"),("default")],[(?1),("default"),("default")],[("default"),("default"),(?2)]]

SCIDB QUERY : <load dTs_nf from '../tests/basic/data/null_20.txt'>
[[("default"),("default"),("default")],[("default"),("default"),("default")],[("default"),("default"),(?3)],[("default"),("default"),("default")],[(?1),("default"),("default")],[("default"),("default"),(?2)]]

SCIDB QUERY : <load eTs_rle from '../tests/basic/data/null_20.txt'>
[[(),(),()],[(),(),()],[(),(),(?3)],[(),(),()],[(?1),(),()],[(),(),(?2)]]

SCIDB QUERY : <load eTs_d from '../tests/basic/data/null_20.txt'>
[[(),(),()],[(),(),()],[(),(),(?3)],[(),(),()],[(?1),(),()],[(),(),(?2)]]

SCIDB QUERY : <load eTs_ns from '../tests/basic/data/null_20.txt'>
[[(),(),()],[(),(),()],[(),(),(?3)],[(),(),()],[(?1),(),()],[(),(),(?2)]]

SCIDB QUERY : <load eTs_be from '../tests/basic/data/null_20.txt'>
[[(),(),()],[(),(),()],[(),(),(?3)],[(),(),()],[(?1),(),()],[(),(),(?2)]]

SCIDB QUERY : <load eTs_z from '../tests/basic/data/null_20.txt'>
[[(),(),()],[(),(),()],[(),(),(?3)],[(),(),()],[(?1),(),()],[(),(),(?2)]]

SCIDB QUERY : <load eTs_bz from '../tests/basic/data/null_20.txt'>
[[(),(),()],[(),(),()],[(),(),(?3)],[(),(),()],[(?1),(),()],[(),(),(?2)]]

SCIDB QUERY : <load eTs_nf from '../tests/basic/data/null_20.txt'>
[[(),(),()],[(),(),()],[(),(),(?3)],[(),(),()],[(?1),(),()],[(),(),(?2)]]

SCIDB QUERY : <load edTs_rle from '../tests/basic/data/null_20.txt'>
[[(),(),()],[(),(),()],[(),(),(?3)],[(),(),()],[(?1),(),()],[(),(),(?2)]]

SCIDB QUERY : <load edTs_d from '../tests/basic/data/null_20.txt'>
[[(),(),()],[(),(),()],[(),(),(?3)],[(),(),()],[(?1),(),()],[(),(),(?2)]]

SCIDB QUERY : <load edTs_ns from '../tests/basic/data/null_20.txt'>
[[(),(),()],[(),(),()],[(),(),(?3)],[(),(),()],[(?1),(),()],[(),(),(?2)]]

SCIDB QUERY : <load edTs_be from '../tests/basic/data/null_20.txt'>
[[(),(),()],[(),(),()],[(),(),(?3)],[(),(),()],[(?1),(),()],[(),(),(?2)]]

SCIDB QUERY : <load edTs_z from '../tests/basic/data/null_20.txt'>
[[(),(),()],[(),(),()],[(),(),(?3)],[(),(),()],[(?1),(),()],[(),(),(?2)]]

SCIDB QUERY : <load edTs_bz from '../tests/basic/data/null_20.txt'>
[[(),(),()],[(),(),()],[(),(),(?3)],[(),(),()],[(?1),(),()],[(),(),(?2)]]

SCIDB QUERY : <load edTs_nf from '../tests/basic/data/null_20.txt'>
[[(),(),()],[(),(),()],[(),(),(?3)],[(),(),()],[(?1),(),()],[(),(),(?2)]]

SCIDB QUERY : <remove(Ts_rle)>
Query was executed successfully

SCIDB QUERY : <remove(Ts_d)>
Query was executed successfully

SCIDB QUERY : <remove(Ts_ns)>
Query was executed successfully

SCIDB QUERY : <remove(Ts_be)>
Query was executed successfully

SCIDB QUERY : <remove(Ts_z)>
Query was executed successfully

SCIDB QUERY : <remove(Ts_bz)>
Query was executed successfully

SCIDB QUERY : <remove(Ts_nf)>
Query was executed successfully

SCIDB QUERY : <remove(eTs_rle)>
Query was executed successfully

SCIDB QUERY : <remove(eTs_d)>
Query was executed successfully

SCIDB QUERY : <remove(eTs_ns)>
Query was executed successfully

SCIDB QUERY : <remove(eTs_be)>
Query was executed successfully

SCIDB QUERY : <remove(eTs_z)>
Query was executed successfully

SCIDB QUERY : <remove(eTs_bz)>
Query was executed successfully

SCIDB QUERY : <remove(eTs_nf)>
Query was executed successfully

SCIDB QUERY : <remove(dTs_rle)>
Query was executed successfully

SCIDB QUERY : <remove(dTs_d)>
Query was executed successfully

SCIDB QUERY : <remove(dTs_ns)>
Query was executed successfully

SCIDB QUERY : <remove(dTs_be)>
Query was executed successfully

SCIDB QUERY : <remove(dTs_z)>
Query was executed successfully

SCIDB QUERY : <remove(dTs_bz)>
Query was executed successfully

SCIDB QUERY : <remove(dTs_nf)>
Query was executed successfully

SCIDB QUERY : <remove(edTs_rle)>
Query was executed successfully

SCIDB QUERY : <remove(edTs_d)>
Query was executed successfully

SCIDB QUERY : <remove(edTs_ns)>
Query was executed successfully

SCIDB QUERY : <remove(edTs_be)>
Query was executed successfully

SCIDB QUERY : <remove(edTs_z)>
Query was executed successfully

SCIDB QUERY : <remove(edTs_bz)>
Query was executed successfully

SCIDB QUERY : <remove(edTs_nf)>
Query was executed successfully

