SVD_METRIC_1 matrix type svdrandom, RxC 1x1, chunk_size 32, error_limit 50 PASS : TRUE
SVD_METRIC_2 matrix type svdrandom, RxC 1x1, chunk_size 32, error_limit 50 PASS : TRUE
SVD_METRIC_3 matrix type svdrandom, RxC 1x1, chunk_size 32, error_limit 50 PASS : TRUE
SVD_METRIC_4 matrix type svdrandom, RxC 1x1, chunk_size 32, error_limit 50 PASS : TRUE
SVD_METRIC_1 matrix type svdrandom, RxC 12x12, chunk_size 32, error_limit 50 PASS : TRUE
SVD_METRIC_2 matrix type svdrandom, RxC 12x12, chunk_size 32, error_limit 50 PASS : TRUE
SVD_METRIC_3 matrix type svdrandom, RxC 12x12, chunk_size 32, error_limit 50 PASS : TRUE
SVD_METRIC_4 matrix type svdrandom, RxC 12x12, chunk_size 32, error_limit 50 PASS : TRUE
SVD_METRIC_1 matrix type svdrandom, RxC 23x23, chunk_size 32, error_limit 50 PASS : TRUE
SVD_METRIC_2 matrix type svdrandom, RxC 23x23, chunk_size 32, error_limit 50 PASS : TRUE
SVD_METRIC_3 matrix type svdrandom, RxC 23x23, chunk_size 32, error_limit 50 PASS : TRUE
SVD_METRIC_4 matrix type svdrandom, RxC 23x23, chunk_size 32, error_limit 50 PASS : TRUE
SVD_METRIC_1 matrix type svdrandom, RxC 34x34, chunk_size 32, error_limit 50 PASS : TRUE
SVD_METRIC_2 matrix type svdrandom, RxC 34x34, chunk_size 32, error_limit 50 PASS : TRUE
SVD_METRIC_3 matrix type svdrandom, RxC 34x34, chunk_size 32, error_limit 50 PASS : TRUE
SVD_METRIC_4 matrix type svdrandom, RxC 34x34, chunk_size 32, error_limit 50 PASS : TRUE
SVD_METRIC_1 matrix type svdrandom, RxC 45x45, chunk_size 32, error_limit 50 PASS : TRUE
SVD_METRIC_2 matrix type svdrandom, RxC 45x45, chunk_size 32, error_limit 50 PASS : TRUE
SVD_METRIC_3 matrix type svdrandom, RxC 45x45, chunk_size 32, error_limit 50 PASS : TRUE
SVD_METRIC_4 matrix type svdrandom, RxC 45x45, chunk_size 32, error_limit 50 PASS : TRUE
SVD_METRIC_1 matrix type svdrandom, RxC 56x56, chunk_size 32, error_limit 50 PASS : TRUE
SVD_METRIC_2 matrix type svdrandom, RxC 56x56, chunk_size 32, error_limit 50 PASS : TRUE
SVD_METRIC_3 matrix type svdrandom, RxC 56x56, chunk_size 32, error_limit 50 PASS : TRUE
SVD_METRIC_4 matrix type svdrandom, RxC 56x56, chunk_size 32, error_limit 50 PASS : TRUE
SVD_METRIC_1 matrix type svdrandom, RxC 67x67, chunk_size 32, error_limit 50 PASS : TRUE
SVD_METRIC_2 matrix type svdrandom, RxC 67x67, chunk_size 32, error_limit 50 PASS : TRUE
SVD_METRIC_3 matrix type svdrandom, RxC 67x67, chunk_size 32, error_limit 50 PASS : TRUE
SVD_METRIC_4 matrix type svdrandom, RxC 67x67, chunk_size 32, error_limit 50 PASS : TRUE
SVD_METRIC_1 matrix type svdrandom, RxC 78x78, chunk_size 32, error_limit 50 PASS : TRUE
SVD_METRIC_2 matrix type svdrandom, RxC 78x78, chunk_size 32, error_limit 50 PASS : TRUE
SVD_METRIC_3 matrix type svdrandom, RxC 78x78, chunk_size 32, error_limit 50 PASS : TRUE
SVD_METRIC_4 matrix type svdrandom, RxC 78x78, chunk_size 32, error_limit 50 PASS : TRUE
SVD_METRIC_1 matrix type svdrandom, RxC 89x89, chunk_size 32, error_limit 50 PASS : TRUE
SVD_METRIC_2 matrix type svdrandom, RxC 89x89, chunk_size 32, error_limit 50 PASS : TRUE
SVD_METRIC_3 matrix type svdrandom, RxC 89x89, chunk_size 32, error_limit 50 PASS : TRUE
SVD_METRIC_4 matrix type svdrandom, RxC 89x89, chunk_size 32, error_limit 50 PASS : TRUE
SVD_METRIC_1 matrix type svdrandom, RxC 96x96, chunk_size 32, error_limit 50 PASS : TRUE
SVD_METRIC_2 matrix type svdrandom, RxC 96x96, chunk_size 32, error_limit 50 PASS : TRUE
SVD_METRIC_3 matrix type svdrandom, RxC 96x96, chunk_size 32, error_limit 50 PASS : TRUE
SVD_METRIC_4 matrix type svdrandom, RxC 96x96, chunk_size 32, error_limit 50 PASS : TRUE

