SVD_METRIC_1 matrix type svdrandom, RxC 1x1, chunk_size 32, error_limit 20 PASS : TRUE
SVD_METRIC_2 matrix type svdrandom, RxC 1x1, chunk_size 32, error_limit 20 PASS : TRUE
SVD_METRIC_3 matrix type svdrandom, RxC 1x1, chunk_size 32, error_limit 20 PASS : TRUE
SVD_METRIC_4 matrix type svdrandom, RxC 1x1, chunk_size 32, error_limit 20 PASS : TRUE
SVD_METRIC_1 matrix type svdrandom, RxC 8x8, chunk_size 32, error_limit 20 PASS : TRUE
SVD_METRIC_2 matrix type svdrandom, RxC 8x8, chunk_size 32, error_limit 20 PASS : TRUE
SVD_METRIC_3 matrix type svdrandom, RxC 8x8, chunk_size 32, error_limit 20 PASS : TRUE
SVD_METRIC_4 matrix type svdrandom, RxC 8x8, chunk_size 32, error_limit 20 PASS : TRUE
SVD_METRIC_1 matrix type svdrandom, RxC 15x15, chunk_size 32, error_limit 20 PASS : TRUE
SVD_METRIC_2 matrix type svdrandom, RxC 15x15, chunk_size 32, error_limit 20 PASS : TRUE
SVD_METRIC_3 matrix type svdrandom, RxC 15x15, chunk_size 32, error_limit 20 PASS : TRUE
SVD_METRIC_4 matrix type svdrandom, RxC 15x15, chunk_size 32, error_limit 20 PASS : TRUE
SVD_METRIC_1 matrix type svdrandom, RxC 22x22, chunk_size 32, error_limit 20 PASS : TRUE
SVD_METRIC_2 matrix type svdrandom, RxC 22x22, chunk_size 32, error_limit 20 PASS : TRUE
SVD_METRIC_3 matrix type svdrandom, RxC 22x22, chunk_size 32, error_limit 20 PASS : TRUE
SVD_METRIC_4 matrix type svdrandom, RxC 22x22, chunk_size 32, error_limit 20 PASS : TRUE
SVD_METRIC_1 matrix type svdrandom, RxC 29x29, chunk_size 32, error_limit 20 PASS : TRUE
SVD_METRIC_2 matrix type svdrandom, RxC 29x29, chunk_size 32, error_limit 20 PASS : TRUE
SVD_METRIC_3 matrix type svdrandom, RxC 29x29, chunk_size 32, error_limit 20 PASS : TRUE
SVD_METRIC_4 matrix type svdrandom, RxC 29x29, chunk_size 32, error_limit 20 PASS : TRUE
SVD_METRIC_1 matrix type svdrandom, RxC 36x36, chunk_size 32, error_limit 20 PASS : TRUE
SVD_METRIC_2 matrix type svdrandom, RxC 36x36, chunk_size 32, error_limit 20 PASS : TRUE
SVD_METRIC_3 matrix type svdrandom, RxC 36x36, chunk_size 32, error_limit 20 PASS : TRUE
SVD_METRIC_4 matrix type svdrandom, RxC 36x36, chunk_size 32, error_limit 20 PASS : TRUE
SVD_METRIC_1 matrix type svdrandom, RxC 43x43, chunk_size 32, error_limit 20 PASS : TRUE
SVD_METRIC_2 matrix type svdrandom, RxC 43x43, chunk_size 32, error_limit 20 PASS : TRUE
SVD_METRIC_3 matrix type svdrandom, RxC 43x43, chunk_size 32, error_limit 20 PASS : TRUE
SVD_METRIC_4 matrix type svdrandom, RxC 43x43, chunk_size 32, error_limit 20 PASS : TRUE
SVD_METRIC_1 matrix type svdrandom, RxC 50x50, chunk_size 32, error_limit 20 PASS : TRUE
SVD_METRIC_2 matrix type svdrandom, RxC 50x50, chunk_size 32, error_limit 20 PASS : TRUE
SVD_METRIC_3 matrix type svdrandom, RxC 50x50, chunk_size 32, error_limit 20 PASS : TRUE
SVD_METRIC_4 matrix type svdrandom, RxC 50x50, chunk_size 32, error_limit 20 PASS : TRUE
SVD_METRIC_1 matrix type svdrandom, RxC 57x57, chunk_size 32, error_limit 20 PASS : TRUE
SVD_METRIC_2 matrix type svdrandom, RxC 57x57, chunk_size 32, error_limit 20 PASS : TRUE
SVD_METRIC_3 matrix type svdrandom, RxC 57x57, chunk_size 32, error_limit 20 PASS : TRUE
SVD_METRIC_4 matrix type svdrandom, RxC 57x57, chunk_size 32, error_limit 20 PASS : TRUE
SVD_METRIC_1 matrix type svdrandom, RxC 64x64, chunk_size 32, error_limit 20 PASS : TRUE
SVD_METRIC_2 matrix type svdrandom, RxC 64x64, chunk_size 32, error_limit 20 PASS : TRUE
SVD_METRIC_3 matrix type svdrandom, RxC 64x64, chunk_size 32, error_limit 20 PASS : TRUE
SVD_METRIC_4 matrix type svdrandom, RxC 64x64, chunk_size 32, error_limit 20 PASS : TRUE
SVD_METRIC_1 matrix type svdrandom, RxC 71x71, chunk_size 32, error_limit 20 PASS : TRUE
SVD_METRIC_2 matrix type svdrandom, RxC 71x71, chunk_size 32, error_limit 20 PASS : TRUE
SVD_METRIC_3 matrix type svdrandom, RxC 71x71, chunk_size 32, error_limit 20 PASS : TRUE
SVD_METRIC_4 matrix type svdrandom, RxC 71x71, chunk_size 32, error_limit 20 PASS : TRUE
SVD_METRIC_1 matrix type svdrandom, RxC 78x78, chunk_size 32, error_limit 20 PASS : TRUE
SVD_METRIC_2 matrix type svdrandom, RxC 78x78, chunk_size 32, error_limit 20 PASS : TRUE
SVD_METRIC_3 matrix type svdrandom, RxC 78x78, chunk_size 32, error_limit 20 PASS : TRUE
SVD_METRIC_4 matrix type svdrandom, RxC 78x78, chunk_size 32, error_limit 20 PASS : TRUE
SVD_METRIC_1 matrix type svdrandom, RxC 85x85, chunk_size 32, error_limit 20 PASS : TRUE
SVD_METRIC_2 matrix type svdrandom, RxC 85x85, chunk_size 32, error_limit 20 PASS : TRUE
SVD_METRIC_3 matrix type svdrandom, RxC 85x85, chunk_size 32, error_limit 20 PASS : TRUE
SVD_METRIC_4 matrix type svdrandom, RxC 85x85, chunk_size 32, error_limit 20 PASS : TRUE
SVD_METRIC_1 matrix type svdrandom, RxC 92x92, chunk_size 32, error_limit 20 PASS : TRUE
SVD_METRIC_2 matrix type svdrandom, RxC 92x92, chunk_size 32, error_limit 20 PASS : TRUE
SVD_METRIC_3 matrix type svdrandom, RxC 92x92, chunk_size 32, error_limit 20 PASS : TRUE
SVD_METRIC_4 matrix type svdrandom, RxC 92x92, chunk_size 32, error_limit 20 PASS : TRUE
SVD_METRIC_1 matrix type svdrandom, RxC 96x96, chunk_size 32, error_limit 20 PASS : TRUE
SVD_METRIC_2 matrix type svdrandom, RxC 96x96, chunk_size 32, error_limit 20 PASS : TRUE
SVD_METRIC_3 matrix type svdrandom, RxC 96x96, chunk_size 32, error_limit 20 PASS : TRUE
SVD_METRIC_4 matrix type svdrandom, RxC 96x96, chunk_size 32, error_limit 20 PASS : TRUE

