SCIDB QUERY : <create array A <a:int64> [x=0:2,3,0]>
Query was executed successfully

SCIDB QUERY : <create empty array B <x:int64> [a=0:14,3,0]>
Query was executed successfully

SCIDB QUERY : <create empty array D <a:int64> [x=0:2,3,0]>
Query was executed successfully

SCIDB QUERY : <store(build(A,x+10),A)>
[(10),(11),(12)]

SCIDB QUERY : <store(build_sparse(D,x+5,x<>1),D)>
[{0}(5),{2}(7)]

SCIDB QUERY : <redimension(A,B)>
[{11}(1)];
[{12}(2)]

SCIDB QUERY : <redimension(D,B)>
[{7}(2)]

SCIDB QUERY : <store(redimension(A,B),B)>
[{11}(1)];
[{12}(2)]

SCIDB QUERY : <store(redimension(A,B),C)>
[{11}(1)];
[{12}(2)]

SCIDB QUERY : <scan(B)>
[{11}(1)];
[{12}(2)]

SCIDB QUERY : <unpack(B,row)>
{9}[(),(10,0),(11,1),(12,2),(),()]

SCIDB QUERY : <unpack(C,row)>
{9}[(),(10,0),(11,1),(12,2),(),()]

SCIDB QUERY : <unpack(redimension(B,D),row)>
[(0,10),(1,11),(2,12)]

SCIDB QUERY : <unpack(redimension(D,B),row)>
{3}[(),(),(5,0),(),(7,2),()]

SCIDB QUERY : <max(B)>
[(2)]

SCIDB QUERY : <min(B)>
[(0)]

SCIDB QUERY : <avg(B)>
[(1)]

SCIDB QUERY : <rename(B,B1)>
Query was executed successfully

SCIDB QUERY : <rename(B1,B)>
Query was executed successfully

SCIDB QUERY : <subarray(B,10,11)>
[{1}(1)]

SCIDB QUERY : <between(B,11,20)>
[{11}(1)];
[{12}(2)]

SCIDB QUERY : <filter(B,x>1)>
[{12}(2)]

SCIDB QUERY : <project(B,x)>
[{11}(1)];
[{12}(2)]

SCIDB QUERY : <join(B,B)>
[{9}(),{10}(0,0),{11}(1,1)];
[{12}(2,2),{13}(),{14}()]

SCIDB QUERY : <cross(B,B)>
[[{9,9}(),{9,10}(),{9,11}(),{10,9}(),{10,10}(0,true,0),{10,11}(0,true,1),{11,9}(),{11,10}(1,true,0),{11,11}(1,true,1)]];
[[{9,12}(),{9,13}(),{9,14}(),{10,12}(0,true,2),{10,13}(),{10,14}(),{11,12}(1,true,2),{11,13}(),{11,14}()]];
[[{12,9}(),{12,10}(2,true,0),{12,11}(2,true,1),{13,9}(),{13,10}(),{13,11}(),{14,9}(),{14,10}(),{14,11}()]];
[[{12,12}(2,true,2),{12,13}(),{12,14}(),{13,12}(),{13,13}(),{13,14}(),{14,12}(),{14,13}(),{14,14}()]]

SCIDB QUERY : <apply(B,z,x-a)>
[{9}(),{10}(0,-10),{11}(1,-10)];
[{12}(2,-10),{13}(),{14}()]

SCIDB QUERY : <count(B)>
[(3)]

SCIDB QUERY : <sum(B)>
[(3)]

SCIDB QUERY : <sort(B,x)>
[(0),(1),(2)]

SCIDB QUERY : <sort(B,x desc)>
[(2),(1),(0)]

SCIDB QUERY : <max(C)>
[(2)]

SCIDB QUERY : <min(C)>
[(0)]

SCIDB QUERY : <avg(C)>
[(1)]

SCIDB QUERY : <rename(C,C1)>
Query was executed successfully

SCIDB QUERY : <rename(C1,C)>
Query was executed successfully

SCIDB QUERY : <subarray(C,10,11)>
[{1}(1)]

SCIDB QUERY : <between(C,11,20)>
[{11}(1)];
[{12}(2)]

SCIDB QUERY : <filter(C,x>1)>
[{12}(2)]

SCIDB QUERY : <project(C,x)>
[{11}(1)];
[{12}(2)]

SCIDB QUERY : <join(C,C)>
[{9}(),{10}(0,0),{11}(1,1)];
[{12}(2,2),{13}(),{14}()]

SCIDB QUERY : <cross(C,C)>
[[{9,9}(),{9,10}(),{9,11}(),{10,9}(),{10,10}(0,true,0),{10,11}(0,true,1),{11,9}(),{11,10}(1,true,0),{11,11}(1,true,1)]];
[[{9,12}(),{9,13}(),{9,14}(),{10,12}(0,true,2),{10,13}(),{10,14}(),{11,12}(1,true,2),{11,13}(),{11,14}()]];
[[{12,9}(),{12,10}(2,true,0),{12,11}(2,true,1),{13,9}(),{13,10}(),{13,11}(),{14,9}(),{14,10}(),{14,11}()]];
[[{12,12}(2,true,2),{12,13}(),{12,14}(),{13,12}(),{13,13}(),{13,14}(),{14,12}(),{14,13}(),{14,14}()]]

SCIDB QUERY : <apply(C,z,x-a)>
[{9}(),{10}(0,-10),{11}(1,-10)];
[{12}(2,-10),{13}(),{14}()]

SCIDB QUERY : <count(C)>
[(3)]

SCIDB QUERY : <sum(C)>
[(3)]

SCIDB QUERY : <sort(C,x)>
[(0),(1),(2)]

SCIDB QUERY : <sort(C,x desc)>
[(2),(1),(0)]

SCIDB QUERY : <remove(A)>
Query was executed successfully

SCIDB QUERY : <remove(B)>
Query was executed successfully

SCIDB QUERY : <remove(C)>
Query was executed successfully

SCIDB QUERY : <remove(D)>
Query was executed successfully

