SCIDB QUERY : <create immutable array A <a:int32, b:int32, c:string> [x=0:2,3,0]>
Query was executed successfully

SCIDB QUERY : <create immutable array T <a:int32> [x=0:2,3,0]>
Query was executed successfully

SCIDB QUERY : <create immutable array TS <a:string> [x=0:2,3,0]>
Query was executed successfully

SCIDB QUERY : <create immutable empty array B <a:int32, c:string> [b(int32)=3,3,0]>
Query was executed successfully

SCIDB QUERY : <select * into C from B>
[]

SCIDB QUERY : <select * into A from build(T,x+1),build(T,x+10),build(TS,'c_'+string(x))>
[(1,10,"c_0"),(2,11,"c_1"),(3,12,"c_2")]

SCIDB QUERY : <select * into B from A>
[(1,"c_0"),(2,"c_1"),(3,"c_2")]

SCIDB QUERY : <select b,a,c into C from A>
[(1,"c_0"),(2,"c_1"),(3,"c_2")]

SCIDB QUERY : <select b into D from A>
[(10),(11),(12)]

SCIDB QUERY : <select b,c,a,a,c into E from A>
[(10,"c_0",1,1,"c_0"),(11,"c_1",2,2,"c_1"),(12,"c_2",3,3,"c_2")]

SCIDB QUERY : <remove(A)>
Query was executed successfully

SCIDB QUERY : <remove(T)>
Query was executed successfully

SCIDB QUERY : <remove(TS)>
Query was executed successfully

SCIDB QUERY : <remove(B)>
Query was executed successfully

SCIDB QUERY : <remove(C)>
Query was executed successfully

SCIDB QUERY : <remove(D)>
Query was executed successfully

SCIDB QUERY : <remove(E)>
Query was executed successfully

