SCIDB QUERY : <create array A <a:int32> [x=-3:7,3,2]>
Query was executed successfully

SCIDB QUERY : <store(build(A,x+10),A)>
[(7),(8),(9),(10),(11),(12),(13),(14),(15),(16),(17)]

SCIDB QUERY : <window(A,1,sum(a))>
[(7),(8),(9),(10),(11),(12),(13),(14),(15),(16),(17)]

SCIDB QUERY : <window(A,1,max(a))>
[(7),(8),(9),(10),(11),(12),(13),(14),(15),(16),(17)]

SCIDB QUERY : <window(A,1,min(a))>
[(7),(8),(9),(10),(11),(12),(13),(14),(15),(16),(17)]

SCIDB QUERY : <window(A,1,avg(a))>
[(7),(8),(9),(10),(11),(12),(13),(14),(15),(16),(17)]

SCIDB QUERY : <window(A,1,count(a))>
[(1),(1),(1),(1),(1),(1),(1),(1),(1),(1),(1)]

SCIDB QUERY : <window(A,1,count(*))>
[(1),(1),(1),(1),(1),(1),(1),(1),(1),(1),(1)]

SCIDB QUERY : <window(A,1,stdev(a))>
[(null),(null),(null),(null),(null),(null),(null),(null),(null),(null),(null)]

SCIDB QUERY : <window(A,1,var(a))>
[(null),(null),(null),(null),(null),(null),(null),(null),(null),(null),(null)]

SCIDB QUERY : <store(build(A,x-2),A)>
[(-5),(-4),(-3),(-2),(-1),(0),(1),(2),(3),(4),(5)]

SCIDB QUERY : <window(A,18,sum(a),max(a))>
[(-9,3),(-5,4),(0,5),(0,5),(0,5),(0,5),(0,5),(0,5),(0,5),(0,5),(5,5)]

SCIDB QUERY : <window(A,3,max(a),var(a),stdev(a),count(a),sum(a),min(a))>
[(-4,0.5,0.707107,2,-9,-5),(-3,1,1,3,-12,-5),(-2,1,1,3,-9,-4),(-1,1,1,3,-6,-3),(0,1,1,3,-3,-2),(1,1,1,3,0,-1),(2,1,1,3,3,0),(3,1,1,3,6,1),(4,1,1,3,9,2),(5,1,1,3,12,3),(5,0.5,0.707107,2,9,4)]

SCIDB QUERY : <window(A,4,min(a),count(*))>
[(-5,2),(-5,3),(-5,4),(-4,4),(-3,4),(-2,4),(-1,4),(0,4),(1,4),(2,4),(3,3)]

SCIDB QUERY : <window(A,1,avg(a),count(a))>
[(-5,1),(-4,1),(-3,1),(-2,1),(-1,1),(0,1),(1,1),(2,1),(3,1),(4,1),(5,1)]

SCIDB QUERY : <window(A,2,count(a),count(*))>
[(1,1),(2,2),(2,2),(2,2),(2,2),(2,2),(2,2),(2,2),(2,2),(2,2),(2,2)]

SCIDB QUERY : <window(A,3,count(*),sum(a))>
[(2,-9),(3,-12),(3,-9),(3,-6),(3,-3),(3,0),(3,3),(3,6),(3,9),(3,12),(2,9)]

SCIDB QUERY : <window(A,5,stdev(a),avg(a))>
[(1,-4),(1.29099,-3.5),(1.58114,-3),(1.58114,-2),(1.58114,-1),(1.58114,0),(1.58114,1),(1.58114,2),(1.58114,3),(1.29099,3.5),(1,4)]

SCIDB QUERY : <window(A,9,var(a),stdev(a))>
[(2.5,1.58114),(3.5,1.87083),(4.66667,2.16025),(6,2.44949),(7.5,2.73861),(7.5,2.73861),(7.5,2.73861),(6,2.44949),(4.66667,2.16025),(3.5,1.87083),(2.5,1.58114)]

SCIDB QUERY : <remove(A)>
Query was executed successfully

