{x,y} a,b
{0,0} 1,1
{0,1} 1,2
{0,2} 1,3
{1,0} 2,1
{1,1} 2,2
{1,2} 2,3
{2,0} 3,1
{2,1} 3,2
{2,2} 3,3
{0,3} 1,4
{1,3} 2,4
{2,3} 3,4
{3,0} 4,1
{3,1} 4,2
{3,2} 4,3
{3,3} 4,4

[An error expected at this place for the query "load(<a:int32, b:int32> [x=0:3,3,0, y=0:3,3,0], '../tests/harness/testcases/data/M4x4.txt')". And it failed with error code = scidb::SCIDB_SE_QPROC::SCIDB_LE_ARRAY_DOESNT_EXIST. Expected error code = scidb::SCIDB_SE_QPROC::SCIDB_LE_ARRAY_DOESNT_EXIST.]

