Query was executed successfully

Query was executed successfully

[(50.5,60.6),(0.2,1.1),(30.3,40.4),(0.9,8.8),(13.5,-24.5),(0,1.1),(0.9,0.9),(-1.1,2.2)]

Query was executed successfully

Query was executed successfully

[(5.5,60.6),(0.2,100.1),(30.3,40.4),(0.99,8.8),(13.5,-24.5),(0,1.1),(0.9,1.1),(-1.1,2.2)]

[[(),(),(),(8),()],[(),(),(6),(),()],[(),(),(2),(),()],[(),(7),(),(),(4)],[(5),(),(),(),()]];
[[{5,5}(3),{6,6}(1)]]

[[(),()],[(),(6)]];[[(8),()],[(),()]];{2,0}[[(),()],[(),(7)]];{2,6}[[(2),()],[(),()]];{4,2}[[(),(4)],[(),()]];[[(),()],[(),(1)]];{6,0}[[(5),()],[(),()]];{6,4}[[(),()],[(3),()]]

[[(),(),(),(8,8),()],[(),(),(6,6),(),()],[(),(),(),(),()],[(),(),(),(),()],[(5,5),(),(),(),()]];
[[{5,5}(3,3),{5,6}(),{5,7}(),{5,8}(),{5,9}(),{6,5}(),{6,6}(),{6,7}(),{6,8}(),{6,9}(),{7,5}(),{7,6}(),{7,7}(),{7,8}(),{7,9}(),{8,5}(),{8,6}(),{8,7}(),{8,8}(),{8,9}(),{9,5}(),{9,6}(),{9,7}(),{9,8}(),{9,9}()]]

Query was executed successfully

Query was executed successfully

Query was executed successfully

Query was executed successfully

