{No} name,library
{0} 'adddim','scidb'
{1} 'aggregate','scidb'
{2} 'allversions','scidb'
{3} 'analyze','scidb'
{4} 'apply','scidb'
{5} 'ApproxDC','scidb'
{6} 'attribute_rename','scidb'
{7} 'attributes','scidb'
{8} 'avg','scidb'
{9} 'avg_rank','scidb'
{10} 'bernoulli','scidb'
{11} 'between','scidb'
{12} 'build','scidb'
{13} 'build_sparse','scidb'
{14} 'cancel','scidb'
{15} 'cast','scidb'
{16} 'concat','scidb'
{17} 'consume','scidb'
{18} 'count','scidb'
{19} 'create_array','scidb'
{20} 'cross','scidb'
{21} 'cross_join','scidb'
{22} 'deldim','scidb'
{23} 'dimensions','scidb'
{24} 'diskinfo','scidb'
{25} 'echo','scidb'
{26} 'explain_logical','scidb'
{27} 'explain_physical','scidb'
{28} 'filter','scidb'
{29} 'gemm','dense_linear_algebra'
{30} 'gesvd','dense_linear_algebra'
{31} 'help','scidb'
{32} 'input','scidb'
{33} 'insert','scidb'
{34} 'join','scidb'
{35} 'list','scidb'
{36} 'load','scidb'
{37} 'load_library','scidb'
{38} 'lookup','scidb'
{39} 'materialize','scidb'
{40} 'max','scidb'
{41} 'merge','scidb'
{42} 'min','scidb'
{43} 'mpi_init','dense_linear_algebra'
{44} 'mpi_test','dense_linear_algebra'
{45} 'mpicopy','dense_linear_algebra'
{46} 'mpirank','dense_linear_algebra'
{47} 'mstat','scidb'
{48} 'multiply','scidb'
{49} 'normalize','scidb'
{50} 'old_unpack','scidb'
{51} 'project','scidb'
{52} 'quantile','scidb'
{53} 'rank','scidb'
{54} 'redimension','scidb'
{55} 'redimension_store','scidb'
{56} 'reduce_distro','scidb'
{57} 'regrid','scidb'
{58} 'remove','scidb'
{59} 'rename','scidb'
{60} 'repart','scidb'
{61} 'reshape','scidb'
{62} 'reverse','scidb'
{63} 'sample','scidb'
{64} 'save','scidb'
{65} 'scan','scidb'
{66} 'setopt','scidb'
{67} 'sg','scidb'
{68} 'show','scidb'
{69} 'slice','scidb'
{70} 'sort','scidb'
{71} 'splitarraytest','scidb'
{72} 'stdev','scidb'
{73} 'store','scidb'
{74} 'subarray','scidb'
{75} 'substitute','scidb'
{76} 'sum','scidb'
{77} 'thin','scidb'
{78} 'transpose','scidb'
{79} 'unload_library','scidb'
{80} 'unpack','scidb'
{81} 'var','scidb'
{82} 'variable_window','scidb'
{83} 'versions','scidb'
{84} 'window','scidb'
{85} 'xgrid','scidb'

