{No} name,library
{0} "adddim","scidb"
{1} "aggregate","scidb"
{2} "allversions","scidb"
{3} "analyze","scidb"
{4} "apply","scidb"
{5} "ApproxDC","scidb"
{6} "attribute_rename","scidb"
{7} "attributes","scidb"
{8} "avg","scidb"
{9} "avg_rank","scidb"
{10} "bernoulli","scidb"
{11} "between","scidb"
{12} "build","scidb"
{13} "build_sparse","scidb"
{14} "cancel","scidb"
{15} "cast","scidb"
{16} "concat","scidb"
{17} "count","scidb"
{18} "create_array","scidb"
{19} "cross","scidb"
{20} "cross_join","scidb"
{21} "deldim","scidb"
{22} "dimensions","scidb"
{23} "diskinfo","scidb"
{24} "echo","scidb"
{25} "explain_logical","scidb"
{26} "explain_physical","scidb"
{27} "filter","scidb"
{28} "gemm","dense_linear_algebra"
{29} "gesvd","dense_linear_algebra"
{30} "help","scidb"
{31} "input","scidb"
{32} "insert","scidb"
{33} "inverse","scidb"
{34} "join","scidb"
{35} "list","scidb"
{36} "load","scidb"
{37} "load_library","scidb"
{38} "lookup","scidb"
{39} "materialize","scidb"
{40} "max","scidb"
{41} "merge","scidb"
{42} "min","scidb"
{43} "mpicopy","dense_linear_algebra"
{44} "mpirank","dense_linear_algebra"
{45} "mstat","scidb"
{46} "multiply","scidb"
{47} "normalize","scidb"
{48} "old_unpack","scidb"
{49} "project","scidb"
{50} "quantile","scidb"
{51} "rank","scidb"
{52} "redimension","scidb"
{53} "redimension_store","scidb"
{54} "reduce_distro","scidb"
{55} "regrid","scidb"
{56} "remove","scidb"
{57} "rename","scidb"
{58} "repart","scidb"
{59} "reshape","scidb"
{60} "reverse","scidb"
{61} "sample","scidb"
{62} "save","scidb"
{63} "scan","scidb"
{64} "mpi_test","dense_linear_algebra"
{65} "setopt","scidb"
{66} "sg","scidb"
{67} "show","scidb"
{68} "slice","scidb"
{69} "sort","scidb"
{70} "stdev","scidb"
{71} "store","scidb"
{72} "subarray","scidb"
{73} "substitute","scidb"
{74} "sum","scidb"
{75} "thin","scidb"
{76} "transpose","scidb"
{77} "unload_library","scidb"
{78} "unpack","scidb"
{79} "var","scidb"
{80} "variable_window","scidb"
{81} "versions","scidb"
{82} "window","scidb"
{83} "xgrid","scidb"

