SCIDB QUERY : <create immutable array A <b:string, a:int32> [x=0:8,6,0]>
Query was executed successfully

SCIDB QUERY : <create immutable array Ti <a:int32> [x=0:8,6,0]>
Query was executed successfully

SCIDB QUERY : <create immutable array Ts <b:string> [x=0:8,6,0]>
Query was executed successfully

SCIDB QUERY : <select * into A from build(Ts,x+10),build(Ti,x+10)>
[("10",10),("11",11),("12",12),("13",13),("14",14),("15",15),("16",16),("17",17),("18",18)]

SCIDB QUERY : <thin(A,0,1)>
[("10",10),("11",11),("12",12),("13",13),("14",14),("15",15),("16",16),("17",17),("18",18)]

SCIDB QUERY : <thin(A,0,2)>
[("10",10),("12",12),("14",14),("16",16),("18",18)]

SCIDB QUERY : <thin(A,0,3)>
[("10",10),("13",13),("16",16)]

SCIDB QUERY : <thin(A,1,2)>
[("11",11),("13",13),("15",15),("17",17)]

SCIDB QUERY : <thin(A,1,3)>
[("11",11),("14",14),("17",17)]

SCIDB QUERY : <thin(A,2,3)>
[("12",12),("15",15),("18",18)]

SCIDB QUERY : <remove(A)>
Query was executed successfully

SCIDB QUERY : <remove(Ti)>
Query was executed successfully

SCIDB QUERY : <remove(Ts)>
Query was executed successfully

