SVD_METRIC_1 matrix type int_nz, RxC 5x5, chunk_size 2, error_limit 20 PASS : TRUE
SVD_METRIC_2 matrix type int_nz, RxC 5x5, chunk_size 2, error_limit 20 PASS : TRUE
SVD_METRIC_3 matrix type int_nz, RxC 5x5, chunk_size 2, error_limit 20 PASS : TRUE
SVD_METRIC_4 matrix type int_nz, RxC 5x5, chunk_size 2, error_limit 20 PASS : TRUE
SVD_METRIC_1 matrix type zero, RxC 5x5, chunk_size 2, error_limit 20 PASS : TRUE
SVD_METRIC_2 matrix type zero, RxC 5x5, chunk_size 2, error_limit 20 PASS : TRUE
SVD_METRIC_3 matrix type zero, RxC 5x5, chunk_size 2, error_limit 20 PASS : TRUE
SVD_METRIC_4 matrix type zero, RxC 5x5, chunk_size 2, error_limit 20 PASS : TRUE
SVD_METRIC_1 matrix type random, RxC 5x5, chunk_size 2, error_limit 20 PASS : TRUE
SVD_METRIC_2 matrix type random, RxC 5x5, chunk_size 2, error_limit 20 PASS : TRUE
SVD_METRIC_3 matrix type random, RxC 5x5, chunk_size 2, error_limit 20 PASS : TRUE
SVD_METRIC_4 matrix type random, RxC 5x5, chunk_size 2, error_limit 20 PASS : TRUE
SVD_METRIC_1 matrix type identity, RxC 5x5, chunk_size 2, error_limit 20 PASS : TRUE
SVD_METRIC_2 matrix type identity, RxC 5x5, chunk_size 2, error_limit 20 PASS : TRUE
SVD_METRIC_3 matrix type identity, RxC 5x5, chunk_size 2, error_limit 20 PASS : TRUE
SVD_METRIC_4 matrix type identity, RxC 5x5, chunk_size 2, error_limit 20 PASS : TRUE
SVD_METRIC_1 matrix type int_nz, RxC 5x5, chunk_size 4, error_limit 20 PASS : TRUE
SVD_METRIC_2 matrix type int_nz, RxC 5x5, chunk_size 4, error_limit 20 PASS : TRUE
SVD_METRIC_3 matrix type int_nz, RxC 5x5, chunk_size 4, error_limit 20 PASS : TRUE
SVD_METRIC_4 matrix type int_nz, RxC 5x5, chunk_size 4, error_limit 20 PASS : TRUE
SVD_METRIC_1 matrix type zero, RxC 5x5, chunk_size 4, error_limit 20 PASS : TRUE
SVD_METRIC_2 matrix type zero, RxC 5x5, chunk_size 4, error_limit 20 PASS : TRUE
SVD_METRIC_3 matrix type zero, RxC 5x5, chunk_size 4, error_limit 20 PASS : TRUE
SVD_METRIC_4 matrix type zero, RxC 5x5, chunk_size 4, error_limit 20 PASS : TRUE
SVD_METRIC_1 matrix type random, RxC 5x5, chunk_size 4, error_limit 20 PASS : TRUE
SVD_METRIC_2 matrix type random, RxC 5x5, chunk_size 4, error_limit 20 PASS : TRUE
SVD_METRIC_3 matrix type random, RxC 5x5, chunk_size 4, error_limit 20 PASS : TRUE
SVD_METRIC_4 matrix type random, RxC 5x5, chunk_size 4, error_limit 20 PASS : TRUE
SVD_METRIC_1 matrix type identity, RxC 5x5, chunk_size 4, error_limit 20 PASS : TRUE
SVD_METRIC_2 matrix type identity, RxC 5x5, chunk_size 4, error_limit 20 PASS : TRUE
SVD_METRIC_3 matrix type identity, RxC 5x5, chunk_size 4, error_limit 20 PASS : TRUE
SVD_METRIC_4 matrix type identity, RxC 5x5, chunk_size 4, error_limit 20 PASS : TRUE
SVD_METRIC_1 matrix type int_nz, RxC 5x5, chunk_size 5, error_limit 20 PASS : TRUE
SVD_METRIC_2 matrix type int_nz, RxC 5x5, chunk_size 5, error_limit 20 PASS : TRUE
SVD_METRIC_3 matrix type int_nz, RxC 5x5, chunk_size 5, error_limit 20 PASS : TRUE
SVD_METRIC_4 matrix type int_nz, RxC 5x5, chunk_size 5, error_limit 20 PASS : TRUE
SVD_METRIC_1 matrix type zero, RxC 5x5, chunk_size 5, error_limit 20 PASS : TRUE
SVD_METRIC_2 matrix type zero, RxC 5x5, chunk_size 5, error_limit 20 PASS : TRUE
SVD_METRIC_3 matrix type zero, RxC 5x5, chunk_size 5, error_limit 20 PASS : TRUE
SVD_METRIC_4 matrix type zero, RxC 5x5, chunk_size 5, error_limit 20 PASS : TRUE
SVD_METRIC_1 matrix type random, RxC 5x5, chunk_size 5, error_limit 20 PASS : TRUE
SVD_METRIC_2 matrix type random, RxC 5x5, chunk_size 5, error_limit 20 PASS : TRUE
SVD_METRIC_3 matrix type random, RxC 5x5, chunk_size 5, error_limit 20 PASS : TRUE
SVD_METRIC_4 matrix type random, RxC 5x5, chunk_size 5, error_limit 20 PASS : TRUE
SVD_METRIC_1 matrix type identity, RxC 5x5, chunk_size 5, error_limit 20 PASS : TRUE
SVD_METRIC_2 matrix type identity, RxC 5x5, chunk_size 5, error_limit 20 PASS : TRUE
SVD_METRIC_3 matrix type identity, RxC 5x5, chunk_size 5, error_limit 20 PASS : TRUE
SVD_METRIC_4 matrix type identity, RxC 5x5, chunk_size 5, error_limit 20 PASS : TRUE
SVD_METRIC_1 matrix type int_nz, RxC 5x5, chunk_size 6, error_limit 20 PASS : TRUE
SVD_METRIC_2 matrix type int_nz, RxC 5x5, chunk_size 6, error_limit 20 PASS : TRUE
SVD_METRIC_3 matrix type int_nz, RxC 5x5, chunk_size 6, error_limit 20 PASS : TRUE
SVD_METRIC_4 matrix type int_nz, RxC 5x5, chunk_size 6, error_limit 20 PASS : TRUE
SVD_METRIC_1 matrix type zero, RxC 5x5, chunk_size 6, error_limit 20 PASS : TRUE
SVD_METRIC_2 matrix type zero, RxC 5x5, chunk_size 6, error_limit 20 PASS : TRUE
SVD_METRIC_3 matrix type zero, RxC 5x5, chunk_size 6, error_limit 20 PASS : TRUE
SVD_METRIC_4 matrix type zero, RxC 5x5, chunk_size 6, error_limit 20 PASS : TRUE
SVD_METRIC_1 matrix type random, RxC 5x5, chunk_size 6, error_limit 20 PASS : TRUE
SVD_METRIC_2 matrix type random, RxC 5x5, chunk_size 6, error_limit 20 PASS : TRUE
SVD_METRIC_3 matrix type random, RxC 5x5, chunk_size 6, error_limit 20 PASS : TRUE
SVD_METRIC_4 matrix type random, RxC 5x5, chunk_size 6, error_limit 20 PASS : TRUE
SVD_METRIC_1 matrix type identity, RxC 5x5, chunk_size 6, error_limit 20 PASS : TRUE
SVD_METRIC_2 matrix type identity, RxC 5x5, chunk_size 6, error_limit 20 PASS : TRUE
SVD_METRIC_3 matrix type identity, RxC 5x5, chunk_size 6, error_limit 20 PASS : TRUE
SVD_METRIC_4 matrix type identity, RxC 5x5, chunk_size 6, error_limit 20 PASS : TRUE

