SCIDB QUERY : <store(build_sparse(<val:double>[i=0:3,4,0,j=0:3,4,0],1,i=j), m3x3_sparse)>
{i,j} val
{0,0} 1
{1,1} 1
{2,2} 1
{3,3} 1

SCIDB QUERY : <store(build(<val:double null>[i=0:3,4,0,j=0:3,4,0],iif(i=j,1,NULL)),m3x3_dense)>
{i,j} val
{0,0} 1
{0,1} null
{0,2} null
{0,3} null
{1,0} null
{1,1} 1
{1,2} null
{1,3} null
{2,0} null
{2,1} null
{2,2} 1
{2,3} null
{3,0} null
{3,1} null
{3,2} null
{3,3} 1

Query was executed successfully

Query was executed successfully

