SCIDB QUERY : <store(build(<val:double>[i=0:2,3,0,j=0:1,2,0],(i+1)*3+j),left)>
[[(3),(4)],[(6),(7)],[(9),(10)]]

SCIDB QUERY : <store(build(<val:double>[i=0:1,2,0,j=0:2,3,0],(i+1)*3-j),right)>
[[(3),(2),(1)],[(6),(5),(4)]]

SCIDB QUERY : <multiply(left, right)>
[[(33),(26),(19)],[(60),(47),(34)],[(87),(68),(49)]]

Query was executed successfully

Query was executed successfully

