SCIDB QUERY : <create array winnersFlat <event:string,year:int64,person:string,country:string,time:double>[i=0:*,12,0]>
[Query was executed successfully, ignoring data output by this query.]

SCIDB QUERY : <load winnersFlat from '../tests/harness/testcases/data/doc/winnersFew.scidb'>
[Query was executed successfully, ignoring data output by this query.]

SCIDB QUERY : <store(sort(winnersFlat,year),champions)>
[Query was executed successfully, ignoring data output by this query.]

SCIDB QUERY : <scan(champions)>
event,year,person,country,time
'dash',1996,'Bailey','Canada',9.84
'marathon',1996,'Thugwane','RSA',7956
'dash',2000,'Greene','USA',9.87
'steeplechase',2000,'Kosgei','Kenya',503.17
'marathon',2000,'Abera','Ethiopia',7811
'marathon',2008,'Wanjiru','Kenya',7596

SCIDB QUERY : <project(champions,year,event,country,time)>
year,event,country,time
1996,'dash','Canada',9.84
1996,'marathon','RSA',7956
2000,'dash','USA',9.87
2000,'steeplechase','Kenya',503.17
2000,'marathon','Ethiopia',7811
2008,'marathon','Kenya',7596

Query was executed successfully

Query was executed successfully

