SCIDB QUERY : <store(build(<val:double>[i=0:9,10,0],1),source)>
[Query was executed successfully, ignoring data output by this query.]

SCIDB QUERY : <project(list('arrays'),name,schema)>
{No} name,schema
{0} "source","source<val:double> [i=0:9,10,0]"

SCIDB QUERY : <rename(source,target)>
[Query was executed successfully, ignoring data output by this query.]

SCIDB QUERY : <project(list('arrays'),name,schema)>
{No} name,schema
{0} "target","target<val:double> [i=0:9,10,0]"

Query was executed successfully

