SCIDB QUERY : <CREATE ARRAY m3x3<val:double>[i=0:2,3,0,j=0:2,3,0]>
Query was executed successfully

SCIDB QUERY : <store(build(m3x3,i*3+j),m3x3)>
[Query was executed successfully, ignoring data output by this query.]

SCIDB QUERY : <slice(m3x3,j,1)>
{i} val
{0} 1
{1} 4
{2} 7

Query was executed successfully

