SCIDB QUERY : <CREATE ARRAY m3x3 <val:double>[i=0:2,3,0,j=0:2,3,0]>
[Query was executed successfully, ignoring data output by this query.]

SCIDB QUERY : <store(build(m3x3,i*3+j),m3x3)>
{i,j} val
{0,0} 0
{0,1} 1
{0,2} 2
{1,0} 3
{1,1} 4
{1,2} 5
{2,0} 6
{2,1} 7
{2,2} 8

SCIDB QUERY : <sum(m3x3,val,j)>
{j} val_sum
{0} 9
{1} 12
{2} 15

SCIDB QUERY : <sum(m3x3,val,i)>
{i} val_sum
{0} 3
{1} 12
{2} 21

Query was executed successfully

